cargo :     Checking 
crypto-backend 
v0.1.0 (D:\Personal\C
oin\backend)
At line:1 char:1
+ cargo check > 
errors.txt 2>&1; 
type errors.txt
+ ~~~~~~~~~~~~~~~~~~~
~~~~~~~~~~
    + CategoryInfo   
           : NotSpe  
  cified: (    Che   
 cking cr...l\Coi    
n\backend):Strin    
g) [], RemoteExc    
eption
    + FullyQualified 
   ErrorId : Native  
  CommandError
 
warning: unused 
imports: `DateTime` 
and `Utc`
 --> src\bin\diagnose
.rs:5:14
  |
5 | ...::{DateTime, 
Utc};
  |       ^^^^^^^^  
^^^
  |
  = note: `#[warn(unu
sed_imports)]` (part 
of 
`#[warn(unused)]`) 
on by default

warning: fields 
`user_id`, `amount`, 
`profit_percentage`, 
and `status` are 
never read
  --> src\bin\diagnos
e.rs:10:5
   |
 8 | struct Strategy 
{
   |        -------- 
fields in this struct
 9 |     id: Uuid,
10 |     user_id: 
Uuid,
   |     ^^^^^^^
11 |     amount: 
Decimal,
   |     ^^^^^^
12 |     
profit_percentage: 
D...
   |     
^^^^^^^^^^^^^^^^^
13 |     status: 
String,
   |     ^^^^^^
   |
   = note: 
`Strategy` has a 
derived impl for the 
trait `Debug`, but 
this is 
intentionally 
ignored during dead 
code analysis
   = note: 
`#[warn(dead_code)]` 
(part of 
`#[warn(unused)]`) 
on by default

warning: fields `id` 
and `quantity` are 
never read
  --> src\bin\diagnos
e.rs:21:5
   |
20 | struct Order {
   |        ----- 
fields in this struct
21 |     id: Uuid,
   |     ^^
...
26 |     quantity: 
D...
   |     ^^^^^^^^
   |
   = note: `Order` 
has a derived impl 
for the trait 
`Debug`, but this is 
intentionally 
ignored during dead 
code analysis

warning: 
`crypto-backend` 
(bin "diagnose") 
generated 3 warnings 
(run `cargo fix 
--bin "diagnose" -p 
crypto-backend` to 
apply 1 suggestion)
error[E0412]: cannot 
find type `HashMap` 
in this scope
   --> src\services\a
utomation.rs:205:71
    |
205 |     async fn ha
ndle_active_trade(&se
lf, strategy: 
&Strategy, prices: 
&HashMap<String, 
Decimal>, coin_id: 
&str) -> 
anyhow::Result<()> {
    |                
                     
                     
             ^^^^^^^ 
not found in this 
scope
    |
help: consider 
importing this struct
    |
  1 + use std::collec
tions::HashMap;
    |

error[E0412]: cannot 
find type `HashMap` 
in this scope
   --> src\services\a
utomation.rs:250:64
    |
250 |     async fn 
handle_entry(&self, 
strategy: &Strategy, 
prices: 
&HashMap<String, 
Decimal>) -> 
anyhow::Result<()> {
    |                
                     
                     
      ^^^^^^^ not 
found in this scope
    |
help: consider 
importing this struct
    |
  1 + use std::collec
tions::HashMap;
    |

error[E0282]: type 
annotations needed 
for `(_, _)`
   --> src\services\a
utomation.rs:261:70
    |
261 |         let 
target_coin = if let 
Some((_c, p)) = price
s.iter().find(|(k, 
_)| k.as_str() == 
"btc") {
    |                
                     
                     
            ^^^^^^  
- type must be known 
at this point
    |
help: consider 
giving this closure 
parameter an 
explicit type, where 
the placeholders `_` 
are specified
    |
261 |         let 
target_coin = if let 
Some((_c, p)) = price
s.iter().find(|(k, 
_): (_, _)| 
k.as_str() == "btc") 
{
    |                
                     
                     
                  
++++++++

error[E0282]: type 
annotations needed
   --> src\services\a
utomation.rs:266:19
    |
266 |                
  (c.clone(), *p)
    |                
   ^ cannot infer 
type

error[E0277]: the 
size for values of 
type `str` cannot be 
known at compilation 
time
   --> src\services\a
utomation.rs:274:61
    |
274 |         
info!("≡ƒñû Strategy 
{}: Buying {} @ {}", 
strategy.id, 
coin_id, 
current_price);
    |                
                     
  --                 
    ^^^^^^^ doesn't 
have a size known at 
compile-time
    |                
                     
  |
    |                
                     
  required by this 
formatting parameter
    |
    = help: the 
trait `Sized` is not 
implemented for `str`
    = note: this 
error originates in 
the macro `$crate::__
macro_support::format
_args` which comes 
from the expansion 
of the macro `info` 
(in Nightly builds, 
run with -Z 
macro-backtrace for 
more info)

error[E0277]: the 
size for values of 
type `str` cannot be 
known at compilation 
time
   --> src\services\a
utomation.rs:283:10
    |
283 | / ...   
sqlx::query!(
284 | | ...       
"INSERT INTO orders 
(id, user_id, 
coin_id, 
coin_symbol, 
order_type, 
order_mode, 
quantity, 
price_per_unit, 
total_amount, 
order_s...
285 | | ...       
order_id, 
strategy.user_id, 
coin_id, coin_id.to_u
ppercase(), 
quantity, 
current_price, 
strategy.amount
    | |              
                     
    ------- required 
by a bound 
introduced by this 
call
286 | | ...   ).execu
te(&self.pool).await?
;
    | |_______^ 
doesn't have a size 
known at compile-time
    |
    = help: the 
trait `Sized` is not 
implemented for `str`
note: required by an 
implicit `Sized` 
bound in `dupe_value`
   --> C:\Users\omkar
\.cargo\registry\src\
index.crates.io-1949c
f8c6b5b557f\sqlx-0.8.
6\src\ty_match.rs:125
:19
    |
125 | pub fn 
dupe_value<T>(_t: 
&T) -> T {
    |                
   ^ required by the 
implicit `Sized` 
requirement on this 
type parameter in 
`dupe_value`

error[E0277]: the 
size for values of 
type `str` cannot be 
known at compilation 
time
   --> src\services\a
utomation.rs:285:42
    |
285 |              
order_id, 
strategy.user_id, 
coin_id, coin_id.to_u
ppercase(), 
quantity, 
current_price, 
strategy.amount
    |                
                     
     ^^^^^^^ doesn't 
have a size known at 
compile-time
    |
    = help: the 
trait `Sized` is not 
implemented for `str`
    = note: all 
local variables must 
have a statically 
known size

error[E0599]: the 
method `wrap_same` 
exists for struct 
`WrapSame<&str, 
str>`, but its trait 
bounds were not 
satisfied
   --> src\services\a
utomation.rs:285:42
    |
285 |              
order_id, 
strategy.user_id, 
coin_id, coin_id.to_u
ppercase(), 
quantity, 
current_price, 
strategy.amount
    |                
                     
     ^^^^^^^ method 
cannot be called on 
`WrapSame<&str, 
str>` due to 
unsatisfied trait 
bounds
    |
    = note: the 
following trait 
bounds were not 
satisfied:
            `str: 
Sized`
            which is 
required by 
`&WrapSame<&str, 
str>: WrapSameExt`

error[E0277]: the 
trait bound `str: 
sqlx::Encode<'_, 
Postgres>` is not 
satisfied
   --> src\services\a
utomation.rs:283:10
    |
283 | / ...   
sqlx::query!(
284 | | ...       
"INSERT INTO orders 
(id, user_id, 
coin_id, 
coin_symbol, 
order_type, 
order_mode, 
quantity, 
price_per_unit, 
total_amount, 
order_s...
285 | | ...       
order_id, 
strategy.user_id, 
coin_id, coin_id.to_u
ppercase(), 
quantity, 
current_price, 
strategy.amount
286 | | ...   ).execu
te(&self.pool).await?
;
    | |_______^ the 
trait 
`sqlx::Encode<'_, 
Postgres>` is not 
implemented for `str`
    |
    = help: the 
following other 
types implement 
trait 
`sqlx::Encode<'q, 
DB>`:
              `&str` 
implements 
`sqlx::Encode<'_, 
Postgres>`
              `&str` 
implements 
`sqlx::Encode<'_, 
sqlx::Any>`
    = note: this 
error originates in 
the macro `$crate::sq
lx_macros::expand_que
ry` which comes from 
the expansion of the 
macro `sqlx::query` 
(in Nightly builds, 
run with -Z 
macro-backtrace for 
more info)

error[E0277]: the 
size for values of 
type `str` cannot be 
known at compilation 
time
   --> src\services\a
utomation.rs:289:9
    |
289 | /         
sqlx::query!(
290 | |             
"UPDATE strategies 
SET current_coin_id 
= $2, 
current_order_id = 
$3 WHERE id = $1",
291 | |             
strategy.id, 
coin_id, order_id
    | |              
            ------- 
required by a bound 
introduced by this 
call
292 | |         ).exe
cute(&self.pool).awai
t?;
    | |_________^ 
doesn't have a size 
known at compile-time
    |
    = help: the 
trait `Sized` is not 
implemented for `str`
note: required by an 
implicit `Sized` 
bound in `dupe_value`
   --> C:\Users\omkar
\.cargo\registry\src\
index.crates.io-1949c
f8c6b5b557f\sqlx-0.8.
6\src\ty_match.rs:125
:19
    |
125 | pub fn 
dupe_value<T>(_t: 
&T) -> T {
    |                
   ^ required by the 
implicit `Sized` 
requirement on this 
type parameter in 
`dupe_value`

error[E0277]: the 
size for values of 
type `str` cannot be 
known at compilation 
time
   --> src\services\a
utomation.rs:291:26
    |
291 |             
strategy.id, 
coin_id, order_id
    |                
          ^^^^^^^ 
doesn't have a size 
known at compile-time
    |
    = help: the 
trait `Sized` is not 
implemented for `str`
    = note: all 
local variables must 
have a statically 
known size

error[E0599]: the 
method `wrap_same` 
exists for struct 
`WrapSame<&str, 
str>`, but its trait 
bounds were not 
satisfied
   --> src\services\a
utomation.rs:291:26
    |
291 |             
strategy.id, 
coin_id, order_id
    |                
          ^^^^^^^ 
method cannot be 
called on 
`WrapSame<&str, 
str>` due to 
unsatisfied trait 
bounds
    |
    = note: the 
following trait 
bounds were not 
satisfied:
            `str: 
Sized`
            which is 
required by 
`&WrapSame<&str, 
str>: WrapSameExt`

error[E0277]: the 
trait bound `str: 
sqlx::Encode<'_, 
Postgres>` is not 
satisfied
   --> src\services\a
utomation.rs:289:9
    |
289 | /         
sqlx::query!(
290 | |             
"UPDATE strategies 
SET current_coin_id 
= $2, 
current_order_id = 
$3 WHERE id = $1",
291 | |             
strategy.id, 
coin_id, order_id
292 | |         ).exe
cute(&self.pool).awai
t?;
    | |_________^ 
the trait 
`sqlx::Encode<'_, 
Postgres>` is not 
implemented for `str`
    |
    = help: the 
following other 
types implement 
trait 
`sqlx::Encode<'q, 
DB>`:
              `&str` 
implements 
`sqlx::Encode<'_, 
Postgres>`
              `&str` 
implements 
`sqlx::Encode<'_, 
sqlx::Any>`
    = note: this 
error originates in 
the macro `$crate::sq
lx_macros::expand_que
ry` which comes from 
the expansion of the 
macro `sqlx::query` 
(in Nightly builds, 
run with -Z 
macro-backtrace for 
more info)

Some errors have 
detailed 
explanations: E0277, 
E0282, E0412, E0599.
For more information 
about an error, try 
`rustc --explain 
E0277`.
error: could not 
compile 
`crypto-backend` 
(bin 
"crypto-backend") 
due to 14 previous 
errors
